{"epoch": 1, "train_loss": 0.698035870161994, "train_acc": 0.4882209585702681, "valid": {"acc2_nonzero": 0.5740740740740741, "f1_positive": 0.7294117647058824, "f1_macro": 0.3647058823529412, "precision_positive": 0.5740740740740741, "recall_positive": 1.0, "confusion_matrix": [[0, 92], [0, 124]], "n": 216, "positive_rate": 0.5740740740740741, "predicted_positive_rate": 1.0, "mean_positive_probability": 0.511615029639668, "diagnostics": {"pder_schedule_progress": 0.0, "pder_evidence_timing_code": 0.0, "pder_consensus_gate_mean": 0.1824431171019872, "pder_consensus_update_norm_ratio": 0.0, "pder_consensus_effective_scale": 0.0, "pder_complement_gate_mean": 0.1824431171019872, "pder_complement_update_norm_ratio": 0.0, "pder_complement_effective_scale": 0.0, "pder_text_register_unit_valid_ratio": 1.0, "pder_text_register_consensus_norm": 15.998672167460123, "pder_text_register_complement_norm": 15.998671213785807, "pder_audio_register_unit_valid_ratio": 1.0, "pder_audio_register_consensus_norm": 15.998672485351562, "pder_audio_register_complement_norm": 15.99867057800293}}, "lr": 0.0002948888739433602}
{"epoch": 2, "train_loss": 0.7009151050174847, "train_acc": 0.4890333062550772, "valid": {"acc2_nonzero": 0.5740740740740741, "f1_positive": 0.7294117647058824, "f1_macro": 0.3647058823529412, "precision_positive": 0.5740740740740741, "recall_positive": 1.0, "confusion_matrix": [[0, 92], [0, 124]], "n": 216, "positive_rate": 0.5740740740740741, "predicted_positive_rate": 1.0, "mean_positive_probability": 0.5060044314574312, "diagnostics": {"pder_schedule_progress": 0.3333333432674408, "pder_evidence_timing_code": 0.0, "pder_consensus_gate_mean": 0.18246020873387656, "pder_consensus_update_norm_ratio": 0.0, "pder_consensus_effective_scale": 0.0, "pder_complement_gate_mean": 0.18246020873387656, "pder_complement_update_norm_ratio": 0.0, "pder_complement_effective_scale": 0.0, "pder_text_register_unit_valid_ratio": 1.0, "pder_text_register_consensus_norm": 15.997444152832031, "pder_text_register_complement_norm": 15.997444152832031, "pder_audio_register_unit_valid_ratio": 1.0, "pder_audio_register_consensus_norm": 15.997444788614908, "pder_audio_register_complement_norm": 15.997443517049154}}, "lr": 0.0002799038105676658}
{"epoch": 3, "train_loss": 0.699059501980302, "train_acc": 0.5004061738424046, "valid": {"acc2_nonzero": 0.5740740740740741, "f1_positive": 0.7294117647058824, "f1_macro": 0.3647058823529412, "precision_positive": 0.5740740740740741, "recall_positive": 1.0, "confusion_matrix": [[0, 92], [0, 124]], "n": 216, "positive_rate": 0.5740740740740741, "predicted_positive_rate": 1.0, "mean_positive_probability": 0.5019172104420485, "diagnostics": {"pder_schedule_progress": 0.6666666865348816, "pder_evidence_timing_code": 0.0, "pder_consensus_gate_mean": 0.1824763814608256, "pder_consensus_update_norm_ratio": 0.0, "pder_consensus_effective_scale": 0.0, "pder_complement_gate_mean": 0.1824763814608256, "pder_complement_update_norm_ratio": 0.0, "pder_complement_effective_scale": 0.0, "pder_text_register_unit_valid_ratio": 1.0, "pder_text_register_consensus_norm": 15.9962797164917, "pder_text_register_complement_norm": 15.9962797164917, "pder_audio_register_unit_valid_ratio": 1.0, "pder_audio_register_consensus_norm": 15.9962797164917, "pder_audio_register_complement_norm": 15.996278762817383}}, "lr": 0.00025606601717798207}
{"epoch": 4, "train_loss": 0.6939019019965909, "train_acc": 0.528838342810723, "valid": {"acc2_nonzero": 0.5740740740740741, "f1_positive": 0.7294117647058824, "f1_macro": 0.3647058823529412, "precision_positive": 0.5740740740740741, "recall_positive": 1.0, "confusion_matrix": [[0, 92], [0, 124]], "n": 216, "positive_rate": 0.5740740740740741, "predicted_positive_rate": 1.0, "mean_positive_probability": 0.5012433057030042, "diagnostics": {"pder_schedule_progress": 1.0, "pder_evidence_timing_code": 0.0, "pder_consensus_gate_mean": 0.1824911634127299, "pder_consensus_update_norm_ratio": 0.0, "pder_consensus_effective_scale": 0.0, "pder_complement_gate_mean": 0.1824911634127299, "pder_complement_update_norm_ratio": 0.0, "pder_complement_effective_scale": 0.0, "pder_text_register_unit_valid_ratio": 1.0, "pder_text_register_consensus_norm": 15.995213826497396, "pder_text_register_complement_norm": 15.995211919148764, "pder_audio_register_unit_valid_ratio": 1.0, "pder_audio_register_consensus_norm": 15.995213826497396, "pder_audio_register_complement_norm": 15.995211601257324}}, "lr": 0.00022499999999999997}
{"epoch": 5, "train_loss": 0.7027819511563094, "train_acc": 0.4849715678310317, "valid": {"acc2_nonzero": 0.6296296296296297, "f1_positive": 0.6491228070175439, "f1_macro": 0.6284829721362228, "precision_positive": 0.7115384615384616, "recall_positive": 0.5967741935483871, "confusion_matrix": [[62, 30], [50, 74]], "n": 216, "positive_rate": 0.5740740740740741, "predicted_positive_rate": 0.48148148148148145, "mean_positive_probability": 0.4999822511993073, "diagnostics": {"pder_schedule_progress": 1.0, "pder_evidence_timing_code": 0.0, "pder_consensus_gate_mean": 0.1825041522582372, "pder_consensus_update_norm_ratio": 0.0, "pder_consensus_effective_scale": 0.0, "pder_complement_gate_mean": 0.1825041522582372, "pder_complement_update_norm_ratio": 0.0, "pder_complement_effective_scale": 0.0, "pder_text_register_unit_valid_ratio": 1.0, "pder_text_register_consensus_norm": 15.994283676147461, "pder_text_register_complement_norm": 15.994283676147461, "pder_audio_register_unit_valid_ratio": 1.0, "pder_audio_register_consensus_norm": 15.994283676147461, "pder_audio_register_complement_norm": 15.994282086690268}}, "lr": 0.0001888228567653781}
{"epoch": 6, "train_loss": 0.6971843219888006, "train_acc": 0.5085296506904955, "valid": {"acc2_nonzero": 0.6342592592592593, "f1_positive": 0.7459807073954985, "f1_macro": 0.5465440727060137, "precision_positive": 0.6203208556149733, "recall_positive": 0.9354838709677419, "confusion_matrix": [[21, 71], [8, 116]], "n": 216, "positive_rate": 0.5740740740740741, "predicted_positive_rate": 0.8657407407407407, "mean_positive_probability": 0.5044360388484266, "diagnostics": {"pder_schedule_progress": 1.0, "pder_evidence_timing_code": 0.0, "pder_consensus_gate_mean": 0.1825149953365326, "pder_consensus_update_norm_ratio": 0.0, "pder_consensus_effective_scale": 0.0, "pder_complement_gate_mean": 0.1825149953365326, "pder_complement_update_norm_ratio": 0.0, "pder_complement_effective_scale": 0.0, "pder_text_register_unit_valid_ratio": 1.0, "pder_text_register_consensus_norm": 15.993502616882324, "pder_text_register_complement_norm": 15.993502616882324, "pder_audio_register_unit_valid_ratio": 1.0, "pder_audio_register_consensus_norm": 15.993502616882324, "pder_audio_register_complement_norm": 15.993501663208008}}, "lr": 0.00015}
{"epoch": 7, "train_loss": 0.6888311226904441, "train_acc": 0.5564581640942323, "valid": {"acc2_nonzero": 0.625, "f1_positive": 0.742857142857143, "f1_macro": 0.5252747252747254, "precision_positive": 0.612565445026178, "recall_positive": 0.9435483870967742, "confusion_matrix": [[18, 74], [7, 117]], "n": 216, "positive_rate": 0.5740740740740741, "predicted_positive_rate": 0.8842592592592593, "mean_positive_probability": 0.546666749511604, "diagnostics": {"pder_schedule_progress": 1.0, "pder_evidence_timing_code": 0.0, "pder_consensus_gate_mean": 0.18252354363600412, "pder_consensus_update_norm_ratio": 0.0, "pder_consensus_effective_scale": 0.0, "pder_complement_gate_mean": 0.18252354363600412, "pder_complement_update_norm_ratio": 0.0, "pder_complement_effective_scale": 0.0, "pder_text_register_unit_valid_ratio": 1.0, "pder_text_register_consensus_norm": 15.992881774902344, "pder_text_register_complement_norm": 15.992881774902344, "pder_audio_register_unit_valid_ratio": 1.0, "pder_audio_register_consensus_norm": 15.992881774902344, "pder_audio_register_complement_norm": 15.992881139119467}}, "lr": 0.0001111771432346219}
{"epoch": 8, "train_loss": 0.6458588603257552, "train_acc": 0.6555645816409423, "valid": {"acc2_nonzero": 0.6805555555555556, "f1_positive": 0.7661016949152543, "f1_macro": 0.631226029939379, "precision_positive": 0.6608187134502924, "recall_positive": 0.9112903225806451, "confusion_matrix": [[34, 58], [11, 113]], "n": 216, "positive_rate": 0.5740740740740741, "predicted_positive_rate": 0.7916666666666666, "mean_positive_probability": 0.6588633016303733, "diagnostics": {"pder_schedule_progress": 1.0, "pder_evidence_timing_code": 0.0, "pder_consensus_gate_mean": 0.18253000577290854, "pder_consensus_update_norm_ratio": 0.0, "pder_consensus_effective_scale": 0.0, "pder_complement_gate_mean": 0.18253000577290854, "pder_complement_update_norm_ratio": 0.0, "pder_complement_effective_scale": 0.0, "pder_text_register_unit_valid_ratio": 1.0, "pder_text_register_consensus_norm": 15.992424011230469, "pder_text_register_complement_norm": 15.99242369333903, "pder_audio_register_unit_valid_ratio": 1.0, "pder_audio_register_consensus_norm": 15.992424011230469, "pder_audio_register_complement_norm": 15.992422103881836}}, "lr": 7.500000000000003e-05}
{"epoch": 9, "train_loss": 0.5348810387713264, "train_acc": 0.7514216084484159, "valid": {"acc2_nonzero": 0.7777777777777778, "f1_positive": 0.8032786885245902, "f1_macro": 0.7739797697942099, "precision_positive": 0.8166666666666667, "recall_positive": 0.7903225806451613, "confusion_matrix": [[70, 22], [26, 98]], "n": 216, "positive_rate": 0.5740740740740741, "predicted_positive_rate": 0.5555555555555556, "mean_positive_probability": 0.5575392516329885, "diagnostics": {"pder_schedule_progress": 1.0, "pder_evidence_timing_code": 0.0, "pder_consensus_gate_mean": 0.18253442645072937, "pder_consensus_update_norm_ratio": 0.0, "pder_consensus_effective_scale": 0.0, "pder_complement_gate_mean": 0.18253442645072937, "pder_complement_update_norm_ratio": 0.0, "pder_complement_effective_scale": 0.0, "pder_text_register_unit_valid_ratio": 1.0, "pder_text_register_consensus_norm": 15.992114067077637, "pder_text_register_complement_norm": 15.992114067077637, "pder_audio_register_unit_valid_ratio": 1.0, "pder_audio_register_consensus_norm": 15.992114067077637, "pder_audio_register_complement_norm": 15.992111206054688}}, "lr": 4.393398282201788e-05}
{"epoch": 10, "train_loss": 0.4525074055289757, "train_acc": 0.8074735987002437, "valid": {"acc2_nonzero": 0.7824074074074074, "f1_positive": 0.8065843621399176, "f1_macro": 0.7789535567313344, "precision_positive": 0.8235294117647058, "recall_positive": 0.7903225806451613, "confusion_matrix": [[71, 21], [26, 98]], "n": 216, "positive_rate": 0.5740740740740741, "predicted_positive_rate": 0.5509259259259259, "mean_positive_probability": 0.5708773785650179, "diagnostics": {"pder_schedule_progress": 1.0, "pder_evidence_timing_code": 0.0, "pder_consensus_gate_mean": 0.18253697951634726, "pder_consensus_update_norm_ratio": 0.0, "pder_consensus_effective_scale": 0.0, "pder_complement_gate_mean": 0.18253697951634726, "pder_complement_update_norm_ratio": 0.0, "pder_complement_effective_scale": 0.0, "pder_text_register_unit_valid_ratio": 1.0, "pder_text_register_consensus_norm": 15.99192746480306, "pder_text_register_complement_norm": 15.99192746480306, "pder_audio_register_unit_valid_ratio": 1.0, "pder_audio_register_consensus_norm": 15.991928100585938, "pder_audio_register_complement_norm": 15.991926193237305}}, "lr": 2.0096189432334194e-05}
{"epoch": 11, "train_loss": 0.4237834013496154, "train_acc": 0.8253452477660439, "valid": {"acc2_nonzero": 0.7685185185185185, "f1_positive": 0.8046875000000001, "f1_macro": 0.7602982954545454, "precision_positive": 0.7803030303030303, "recall_positive": 0.8306451612903226, "confusion_matrix": [[63, 29], [21, 103]], "n": 216, "positive_rate": 0.5740740740740741, "predicted_positive_rate": 0.6111111111111112, "mean_positive_probability": 0.6088727812662169, "diagnostics": {"pder_schedule_progress": 1.0, "pder_evidence_timing_code": 0.0, "pder_consensus_gate_mean": 0.18253810703754425, "pder_consensus_update_norm_ratio": 0.0, "pder_consensus_effective_scale": 0.0, "pder_complement_gate_mean": 0.18253810703754425, "pder_complement_update_norm_ratio": 0.0, "pder_complement_effective_scale": 0.0, "pder_text_register_unit_valid_ratio": 1.0, "pder_text_register_consensus_norm": 15.991841634114584, "pder_text_register_complement_norm": 15.991839726765951, "pder_audio_register_unit_valid_ratio": 1.0, "pder_audio_register_consensus_norm": 15.991841634114584, "pder_audio_register_complement_norm": 15.991839726765951}}, "lr": 5.1111260566397705e-06}
{"epoch": 12, "train_loss": 0.4173584736090768, "train_acc": 0.8326563769293257, "valid": {"acc2_nonzero": 0.7685185185185185, "f1_positive": 0.8031496062992126, "f1_macro": 0.7611253649473592, "precision_positive": 0.7846153846153846, "recall_positive": 0.8225806451612904, "confusion_matrix": [[64, 28], [22, 102]], "n": 216, "positive_rate": 0.5740740740740741, "predicted_positive_rate": 0.6018518518518519, "mean_positive_probability": 0.6003553003797101, "diagnostics": {"pder_schedule_progress": 1.0, "pder_evidence_timing_code": 0.0, "pder_consensus_gate_mean": 0.1825383504231771, "pder_consensus_update_norm_ratio": 0.0, "pder_consensus_effective_scale": 0.0, "pder_complement_gate_mean": 0.1825383504231771, "pder_complement_update_norm_ratio": 0.0, "pder_complement_effective_scale": 0.0, "pder_text_register_unit_valid_ratio": 1.0, "pder_text_register_consensus_norm": 15.991816520690918, "pder_text_register_complement_norm": 15.991816520690918, "pder_audio_register_unit_valid_ratio": 1.0, "pder_audio_register_consensus_norm": 15.991816520690918, "pder_audio_register_complement_norm": 15.991814613342285}}, "lr": 0.0}
{
  "dataset": "mosi",
  "variant": "g_only",
  "seed": 1701,
  "protocol": "official split, nonzero sentiment binary classification",
  "modalities": "frozen BERT text plus train-normalized concatenated audio-vision evidence",
  "best_epoch": 10,
  "elapsed_seconds": 29.791589975357056,
  "split_sizes": {
    "train": 1231,
    "valid": 216,
    "test": 656
  },
  "class_counts_train": [
    552,
    679
  ],
  "valid": {
    "acc2_nonzero": 0.7824074074074074,
    "f1_positive": 0.8065843621399176,
    "f1_macro": 0.7789535567313344,
    "precision_positive": 0.8235294117647058,
    "recall_positive": 0.7903225806451613,
    "confusion_matrix": [
      [
        71,
        21
      ],
      [
        26,
        98
      ]
    ],
    "n": 216,
    "positive_rate": 0.5740740740740741,
    "predicted_positive_rate": 0.5509259259259259,
    "mean_positive_probability": 0.5708773785650179,
    "diagnostics": {
      "pder_schedule_progress": 1.0,
      "pder_evidence_timing_code": 0.0,
      "pder_consensus_gate_mean": 0.18253697951634726,
      "pder_consensus_update_norm_ratio": 0.0,
      "pder_consensus_effective_scale": 0.0,
      "pder_complement_gate_mean": 0.18253697951634726,
      "pder_complement_update_norm_ratio": 0.0,
      "pder_complement_effective_scale": 0.0,
      "pder_text_register_unit_valid_ratio": 1.0,
      "pder_text_register_consensus_norm": 15.99192746480306,
      "pder_text_register_complement_norm": 15.99192746480306,
      "pder_audio_register_unit_valid_ratio": 1.0,
      "pder_audio_register_consensus_norm": 15.991928100585938,
      "pder_audio_register_complement_norm": 15.991926193237305
    }
  },
  "test": {
    "acc2_nonzero": 0.7759146341463414,
    "f1_positive": 0.7407407407407408,
    "f1_macro": 0.771712652249565,
    "precision_positive": 0.7241379310344828,
    "recall_positive": 0.7581227436823105,
    "confusion_matrix": [
      [
        299,
        80
      ],
      [
        67,
        210
      ]
    ],
    "n": 656,
    "positive_rate": 0.4222560975609756,
    "predicted_positive_rate": 0.4420731707317073,
    "mean_positive_probability": 0.4579284046634623,
    "diagnostics": {
      "pder_schedule_progress": 1.0,
      "pder_evidence_timing_code": 0.0,
      "pder_consensus_gate_mean": 0.18253695964813232,
      "pder_consensus_update_norm_ratio": 0.0,
      "pder_consensus_effective_scale": 0.0,
      "pder_complement_gate_mean": 0.18253695964813232,
      "pder_complement_update_norm_ratio": 0.0,
      "pder_complement_effective_scale": 0.0,
      "pder_text_register_unit_valid_ratio": 1.0,
      "pder_text_register_consensus_norm": 15.991928100585938,
      "pder_text_register_complement_norm": 15.991928100585938,
      "pder_audio_register_unit_valid_ratio": 1.0,
      "pder_audio_register_consensus_norm": 15.991928100585938,
      "pder_audio_register_complement_norm": 15.991926193237305
    }
  },
  "args": {
    "dataset": "mosi",
    "data": "/media/disk3/muxy/Dataset/Method/Method/aligned_mosi_ramp_bert.pkl",
    "base_config": "configs/eatd_pder_full.json",
    "variant": "g_only",
    "seed": 1701,
    "output_dir": "/media/disk3/muxy/QA/experiments/pder_mosi_mosei_generalization_20260829/mosi/g_only/seed_1701",
    "device": "cuda:0",
    "epochs": 12,
    "patience": 4,
    "batch_size": 96,
    "lr": 0.0003,
    "weight_decay": 0.02,
    "max_length": 50,
    "num_workers": 0,
    "smoke": false
  }
}
