{"epoch": 1, "train_loss": 0.7018282936415374, "train_acc": 0.48578391551584077, "valid": {"acc2_nonzero": 0.42592592592592593, "f1_positive": 0.0, "f1_macro": 0.2987012987012987, "precision_positive": 0.0, "recall_positive": 0.0, "confusion_matrix": [[92, 0], [124, 0]], "n": 216, "positive_rate": 0.5740740740740741, "predicted_positive_rate": 0.0, "mean_positive_probability": 0.49560188088152146, "diagnostics": {"pder_schedule_progress": 0.0, "pder_evidence_timing_code": 0.0, "pder_consensus_gate_mean": 0.1824431171019872, "pder_consensus_update_norm_ratio": 0.0, "pder_consensus_effective_scale": 0.0, "pder_complement_gate_mean": 0.1824431171019872, "pder_complement_update_norm_ratio": 0.0, "pder_complement_effective_scale": 0.0, "pder_text_register_unit_valid_ratio": 1.0, "pder_text_register_consensus_norm": 15.998672485351562, "pder_text_register_complement_norm": 15.99867057800293, "pder_audio_register_unit_valid_ratio": 1.0, "pder_audio_register_consensus_norm": 15.998669942220053, "pder_audio_register_complement_norm": 15.998668988545736}}, "lr": 0.0002948888739433602}
{"epoch": 2, "train_loss": 0.6956151764050041, "train_acc": 0.5085296506904955, "valid": {"acc2_nonzero": 0.48148148148148145, "f1_positive": 0.25333333333333335, "f1_macro": 0.4280851063829788, "precision_positive": 0.7307692307692307, "recall_positive": 0.1532258064516129, "confusion_matrix": [[85, 7], [105, 19]], "n": 216, "positive_rate": 0.5740740740740741, "predicted_positive_rate": 0.12037037037037036, "mean_positive_probability": 0.49979661460276004, "diagnostics": {"pder_schedule_progress": 0.3333333432674408, "pder_evidence_timing_code": 0.0, "pder_consensus_gate_mean": 0.18246020873387656, "pder_consensus_update_norm_ratio": 0.0, "pder_consensus_effective_scale": 0.0, "pder_complement_gate_mean": 0.18246020873387656, "pder_complement_update_norm_ratio": 0.0, "pder_complement_effective_scale": 0.0, "pder_text_register_unit_valid_ratio": 1.0, "pder_text_register_consensus_norm": 15.997444152832031, "pder_text_register_complement_norm": 15.997442881266275, "pder_audio_register_unit_valid_ratio": 1.0, "pder_audio_register_consensus_norm": 15.997441609700521, "pder_audio_register_complement_norm": 15.997442245483398}}, "lr": 0.0002799038105676658}
{"epoch": 3, "train_loss": 0.7014130389273989, "train_acc": 0.48659626320064986, "valid": {"acc2_nonzero": 0.6018518518518519, "f1_positive": 0.5825242718446603, "f1_macro": 0.6009966491966664, "precision_positive": 0.7317073170731707, "recall_positive": 0.4838709677419355, "confusion_matrix": [[70, 22], [64, 60]], "n": 216, "positive_rate": 0.5740740740740741, "predicted_positive_rate": 0.37962962962962965, "mean_positive_probability": 0.4999425859638938, "diagnostics": {"pder_schedule_progress": 0.6666666865348816, "pder_evidence_timing_code": 0.0, "pder_consensus_gate_mean": 0.1824763814608256, "pder_consensus_update_norm_ratio": 0.0, "pder_consensus_effective_scale": 0.0, "pder_complement_gate_mean": 0.1824763814608256, "pder_complement_update_norm_ratio": 0.0, "pder_complement_effective_scale": 0.0, "pder_text_register_unit_valid_ratio": 1.0, "pder_text_register_consensus_norm": 15.9962797164917, "pder_text_register_complement_norm": 15.99627685546875, "pder_audio_register_unit_valid_ratio": 1.0, "pder_audio_register_consensus_norm": 15.996276219685873, "pder_audio_register_complement_norm": 15.99627685546875}}, "lr": 0.00025606601717798207}
{"epoch": 4, "train_loss": 0.6997499759365735, "train_acc": 0.48984565393988627, "valid": {"acc2_nonzero": 0.42592592592592593, "f1_positive": 0.0, "f1_macro": 0.2987012987012987, "precision_positive": 0.0, "recall_positive": 0.0, "confusion_matrix": [[92, 0], [124, 0]], "n": 216, "positive_rate": 0.5740740740740741, "predicted_positive_rate": 0.0, "mean_positive_probability": 0.4988108656748577, "diagnostics": {"pder_schedule_progress": 1.0, "pder_evidence_timing_code": 0.0, "pder_consensus_gate_mean": 0.1824911634127299, "pder_consensus_update_norm_ratio": 0.0, "pder_consensus_effective_scale": 0.0, "pder_complement_gate_mean": 0.1824911634127299, "pder_complement_update_norm_ratio": 0.0, "pder_complement_effective_scale": 0.0, "pder_text_register_unit_valid_ratio": 1.0, "pder_text_register_consensus_norm": 15.995211919148764, "pder_text_register_complement_norm": 15.995211601257324, "pder_audio_register_unit_valid_ratio": 1.0, "pder_audio_register_consensus_norm": 15.995210329691568, "pder_audio_register_complement_norm": 15.995210329691568}}, "lr": 0.00022499999999999997}
{"epoch": 5, "train_loss": 0.6949153829647409, "train_acc": 0.5085296506904955, "valid": {"acc2_nonzero": 0.625, "f1_positive": 0.7476635514018691, "f1_macro": 0.5089669108360697, "precision_positive": 0.6091370558375635, "recall_positive": 0.967741935483871, "confusion_matrix": [[15, 77], [4, 120]], "n": 216, "positive_rate": 0.5740740740740741, "predicted_positive_rate": 0.9120370370370371, "mean_positive_probability": 0.5005532821847333, "diagnostics": {"pder_schedule_progress": 1.0, "pder_evidence_timing_code": 0.0, "pder_consensus_gate_mean": 0.1825041522582372, "pder_consensus_update_norm_ratio": 0.0, "pder_consensus_effective_scale": 0.0, "pder_complement_gate_mean": 0.1825041522582372, "pder_complement_update_norm_ratio": 0.0, "pder_complement_effective_scale": 0.0, "pder_text_register_unit_valid_ratio": 1.0, "pder_text_register_consensus_norm": 15.994283676147461, "pder_text_register_complement_norm": 15.994280815124512, "pder_audio_register_unit_valid_ratio": 1.0, "pder_audio_register_consensus_norm": 15.994279861450195, "pder_audio_register_complement_norm": 15.994280815124512}}, "lr": 0.0001888228567653781}
{"epoch": 6, "train_loss": 0.69186591908372, "train_acc": 0.5264012997562957, "valid": {"acc2_nonzero": 0.6296296296296297, "f1_positive": 0.75, "f1_macro": 0.5178571428571428, "precision_positive": 0.6122448979591837, "recall_positive": 0.967741935483871, "confusion_matrix": [[16, 76], [4, 120]], "n": 216, "positive_rate": 0.5740740740740741, "predicted_positive_rate": 0.9074074074074074, "mean_positive_probability": 0.5011007465698101, "diagnostics": {"pder_schedule_progress": 1.0, "pder_evidence_timing_code": 0.0, "pder_consensus_gate_mean": 0.1825149953365326, "pder_consensus_update_norm_ratio": 0.0, "pder_consensus_effective_scale": 0.0, "pder_complement_gate_mean": 0.1825149953365326, "pder_complement_update_norm_ratio": 0.0, "pder_complement_effective_scale": 0.0, "pder_text_register_unit_valid_ratio": 1.0, "pder_text_register_consensus_norm": 15.993502616882324, "pder_text_register_complement_norm": 15.993499755859375, "pder_audio_register_unit_valid_ratio": 1.0, "pder_audio_register_consensus_norm": 15.993499120076498, "pder_audio_register_complement_norm": 15.993499755859375}}, "lr": 0.00015}
{"epoch": 7, "train_loss": 0.6958304627652482, "train_acc": 0.48984565393988627, "valid": {"acc2_nonzero": 0.5740740740740741, "f1_positive": 0.7294117647058824, "f1_macro": 0.3647058823529412, "precision_positive": 0.5740740740740741, "recall_positive": 1.0, "confusion_matrix": [[0, 92], [0, 124]], "n": 216, "positive_rate": 0.5740740740740741, "predicted_positive_rate": 1.0, "mean_positive_probability": 0.5047137152265619, "diagnostics": {"pder_schedule_progress": 1.0, "pder_evidence_timing_code": 0.0, "pder_consensus_gate_mean": 0.18252354363600412, "pder_consensus_update_norm_ratio": 0.0, "pder_consensus_effective_scale": 0.0, "pder_complement_gate_mean": 0.18252354363600412, "pder_complement_update_norm_ratio": 0.0, "pder_complement_effective_scale": 0.0, "pder_text_register_unit_valid_ratio": 1.0, "pder_text_register_consensus_norm": 15.992881774902344, "pder_text_register_complement_norm": 15.992879867553711, "pder_audio_register_unit_valid_ratio": 1.0, "pder_audio_register_consensus_norm": 15.992879231770834, "pder_audio_register_complement_norm": 15.992879867553711}}, "lr": 0.0001111771432346219}
{
  "dataset": "mosi",
  "variant": "g_only",
  "seed": 1702,
  "protocol": "official split, nonzero sentiment binary classification",
  "modalities": "frozen BERT text plus train-normalized concatenated audio-vision evidence",
  "best_epoch": 3,
  "elapsed_seconds": 17.742420196533203,
  "split_sizes": {
    "train": 1231,
    "valid": 216,
    "test": 656
  },
  "class_counts_train": [
    552,
    679
  ],
  "valid": {
    "acc2_nonzero": 0.6018518518518519,
    "f1_positive": 0.5825242718446603,
    "f1_macro": 0.6009966491966664,
    "precision_positive": 0.7317073170731707,
    "recall_positive": 0.4838709677419355,
    "confusion_matrix": [
      [
        70,
        22
      ],
      [
        64,
        60
      ]
    ],
    "n": 216,
    "positive_rate": 0.5740740740740741,
    "predicted_positive_rate": 0.37962962962962965,
    "mean_positive_probability": 0.4999425859638938,
    "diagnostics": {
      "pder_schedule_progress": 0.6666666865348816,
      "pder_evidence_timing_code": 0.0,
      "pder_consensus_gate_mean": 0.1824763814608256,
      "pder_consensus_update_norm_ratio": 0.0,
      "pder_consensus_effective_scale": 0.0,
      "pder_complement_gate_mean": 0.1824763814608256,
      "pder_complement_update_norm_ratio": 0.0,
      "pder_complement_effective_scale": 0.0,
      "pder_text_register_unit_valid_ratio": 1.0,
      "pder_text_register_consensus_norm": 15.9962797164917,
      "pder_text_register_complement_norm": 15.99627685546875,
      "pder_audio_register_unit_valid_ratio": 1.0,
      "pder_audio_register_consensus_norm": 15.996276219685873,
      "pder_audio_register_complement_norm": 15.99627685546875
    }
  },
  "test": {
    "acc2_nonzero": 0.6432926829268293,
    "f1_positive": 0.4868421052631579,
    "f1_macro": 0.6067388096409247,
    "precision_positive": 0.6201117318435754,
    "recall_positive": 0.4007220216606498,
    "confusion_matrix": [
      [
        311,
        68
      ],
      [
        166,
        111
      ]
    ],
    "n": 656,
    "positive_rate": 0.4222560975609756,
    "predicted_positive_rate": 0.2728658536585366,
    "mean_positive_probability": 0.49988560987318437,
    "diagnostics": {
      "pder_schedule_progress": 0.6666666865348816,
      "pder_evidence_timing_code": 0.0,
      "pder_consensus_gate_mean": 0.18247638642787933,
      "pder_consensus_update_norm_ratio": 0.0,
      "pder_consensus_effective_scale": 0.0,
      "pder_complement_gate_mean": 0.18247638642787933,
      "pder_complement_update_norm_ratio": 0.0,
      "pder_complement_effective_scale": 0.0,
      "pder_text_register_unit_valid_ratio": 1.0,
      "pder_text_register_consensus_norm": 15.9962797164917,
      "pder_text_register_complement_norm": 15.99627685546875,
      "pder_audio_register_unit_valid_ratio": 1.0,
      "pder_audio_register_consensus_norm": 15.99627685546875,
      "pder_audio_register_complement_norm": 15.99627685546875
    }
  },
  "args": {
    "dataset": "mosi",
    "data": "/media/disk3/muxy/Dataset/Method/Method/aligned_mosi_ramp_bert.pkl",
    "base_config": "configs/eatd_pder_full.json",
    "variant": "g_only",
    "seed": 1702,
    "output_dir": "/media/disk3/muxy/QA/experiments/pder_mosi_mosei_generalization_20260829/mosi/g_only/seed_1702",
    "device": "cuda:0",
    "epochs": 12,
    "patience": 4,
    "batch_size": 96,
    "lr": 0.0003,
    "weight_decay": 0.02,
    "max_length": 50,
    "num_workers": 0,
    "smoke": false
  }
}
