{"epoch": 1, "train_loss": 0.6994256849312182, "train_acc": 0.512591389114541, "valid": {"acc2_nonzero": 0.42592592592592593, "f1_positive": 0.0, "f1_macro": 0.2987012987012987, "precision_positive": 0.0, "recall_positive": 0.0, "confusion_matrix": [[92, 0], [124, 0]], "n": 216, "positive_rate": 0.5740740740740741, "predicted_positive_rate": 0.0, "mean_positive_probability": 0.48158831894397736, "diagnostics": {"pder_schedule_progress": 0.0, "pder_evidence_timing_code": 0.0, "pder_consensus_gate_mean": 0.1824431171019872, "pder_consensus_update_norm_ratio": 0.0, "pder_consensus_effective_scale": 0.0, "pder_complement_gate_mean": 0.1824431171019872, "pder_complement_update_norm_ratio": 0.0, "pder_complement_effective_scale": 0.0, "pder_text_register_unit_valid_ratio": 1.0, "pder_text_register_consensus_norm": 15.99866771697998, "pder_text_register_complement_norm": 15.99867057800293, "pder_audio_register_unit_valid_ratio": 1.0, "pder_audio_register_consensus_norm": 15.998668670654297, "pder_audio_register_complement_norm": 15.998669624328613}}, "lr": 0.00029917828430524096}
{"epoch": 2, "train_loss": 0.697618445470796, "train_acc": 0.48172217709179527, "valid": {"acc2_nonzero": 0.42592592592592593, "f1_positive": 0.0, "f1_macro": 0.2987012987012987, "precision_positive": 0.0, "recall_positive": 0.0, "confusion_matrix": [[92, 0], [124, 0]], "n": 216, "positive_rate": 0.5740740740740741, "predicted_positive_rate": 0.0, "mean_positive_probability": 0.4928067083711977, "diagnostics": {"pder_schedule_progress": 0.3333333432674408, "pder_evidence_timing_code": 0.0, "pder_consensus_gate_mean": 0.1822089503208796, "pder_consensus_update_norm_ratio": 0.002292335731908679, "pder_consensus_effective_scale": 0.02666666731238365, "pder_complement_gate_mean": 0.18243090311686197, "pder_complement_update_norm_ratio": 0.0021242423293491206, "pder_complement_effective_scale": 0.019999999552965164, "pder_text_register_unit_valid_ratio": 1.0, "pder_text_register_consensus_norm": 16.012571970621746, "pder_text_register_complement_norm": 16.014310836791992, "pder_audio_register_unit_valid_ratio": 1.0, "pder_audio_register_consensus_norm": 16.01202646891276, "pder_audio_register_complement_norm": 16.0193354288737}}, "lr": 0.0002967221401100708}
{"epoch": 3, "train_loss": 0.6946292805729796, "train_acc": 0.5069049553208773, "valid": {"acc2_nonzero": 0.42592592592592593, "f1_positive": 0.0, "f1_macro": 0.2987012987012987, "precision_positive": 0.0, "recall_positive": 0.0, "confusion_matrix": [[92, 0], [124, 0]], "n": 216, "positive_rate": 0.5740740740740741, "predicted_positive_rate": 0.0, "mean_positive_probability": 0.49587997338838047, "diagnostics": {"pder_schedule_progress": 0.6666666865348816, "pder_evidence_timing_code": 0.0, "pder_consensus_gate_mean": 0.18221688270568848, "pder_consensus_update_norm_ratio": 0.006480116862803698, "pder_consensus_effective_scale": 0.0533333346247673, "pder_complement_gate_mean": 0.1828874945640564, "pder_complement_update_norm_ratio": 0.005143054605772098, "pder_complement_effective_scale": 0.03999999910593033, "pder_text_register_unit_valid_ratio": 1.0, "pder_text_register_consensus_norm": 16.022315979003906, "pder_text_register_complement_norm": 16.037003835042317, "pder_audio_register_unit_valid_ratio": 1.0, "pder_audio_register_consensus_norm": 16.028560638427734, "pder_audio_register_complement_norm": 16.04210090637207}}, "lr": 0.00029265847744427303}
{"epoch": 4, "train_loss": 0.6987914134098397, "train_acc": 0.48659626320064986, "valid": {"acc2_nonzero": 0.42592592592592593, "f1_positive": 0.0, "f1_macro": 0.2987012987012987, "precision_positive": 0.0, "recall_positive": 0.0, "confusion_matrix": [[92, 0], [124, 0]], "n": 216, "positive_rate": 0.5740740740740741, "predicted_positive_rate": 0.0, "mean_positive_probability": 0.49771201031075585, "diagnostics": {"pder_schedule_progress": 1.0, "pder_evidence_timing_code": 0.0, "pder_consensus_gate_mean": 0.18204018473625183, "pder_consensus_update_norm_ratio": 0.012280702901383242, "pder_consensus_effective_scale": 0.07999999821186066, "pder_complement_gate_mean": 0.1874849647283554, "pder_complement_update_norm_ratio": 0.009855047178765139, "pder_complement_effective_scale": 0.05999999865889549, "pder_text_register_unit_valid_ratio": 1.0, "pder_text_register_consensus_norm": 16.0324649810791, "pder_text_register_complement_norm": 16.08050028483073, "pder_audio_register_unit_valid_ratio": 1.0, "pder_audio_register_consensus_norm": 16.042692184448242, "pder_audio_register_complement_norm": 16.053049723307293}}, "lr": 0.0002870318186463901}
{"epoch": 5, "train_loss": 0.701117463754891, "train_acc": 0.49065800162469536, "valid": {"acc2_nonzero": 0.42592592592592593, "f1_positive": 0.0, "f1_macro": 0.2987012987012987, "precision_positive": 0.0, "recall_positive": 0.0, "confusion_matrix": [[92, 0], [124, 0]], "n": 216, "positive_rate": 0.5740740740740741, "predicted_positive_rate": 0.0, "mean_positive_probability": 0.49641323531115494, "diagnostics": {"pder_schedule_progress": 1.0, "pder_evidence_timing_code": 0.0, "pder_consensus_gate_mean": 0.18160555760065714, "pder_consensus_update_norm_ratio": 0.013872917431096235, "pder_consensus_effective_scale": 0.07999999821186066, "pder_complement_gate_mean": 0.19024999936421713, "pder_complement_update_norm_ratio": 0.012185216260453066, "pder_complement_effective_scale": 0.05999999865889549, "pder_text_register_unit_valid_ratio": 1.0, "pder_text_register_consensus_norm": 16.037670771280926, "pder_text_register_complement_norm": 16.10149383544922, "pder_audio_register_unit_valid_ratio": 1.0, "pder_audio_register_consensus_norm": 16.051140467325848, "pder_audio_register_complement_norm": 16.057092666625977}}, "lr": 0.0002799038105676658}
{"epoch": 6, "train_loss": 0.6933340357145965, "train_acc": 0.5199025182778229, "valid": {"acc2_nonzero": 0.6481481481481481, "f1_positive": 0.7342657342657343, "f1_macro": 0.6068588945301274, "precision_positive": 0.6481481481481481, "recall_positive": 0.8467741935483871, "confusion_matrix": [[35, 57], [19, 105]], "n": 216, "positive_rate": 0.5740740740740741, "predicted_positive_rate": 0.75, "mean_positive_probability": 0.5028877000289934, "diagnostics": {"pder_schedule_progress": 1.0, "pder_evidence_timing_code": 0.0, "pder_consensus_gate_mean": 0.18301562468210855, "pder_consensus_update_norm_ratio": 0.014769842227300009, "pder_consensus_effective_scale": 0.07999999821186066, "pder_complement_gate_mean": 0.1868363916873932, "pder_complement_update_norm_ratio": 0.012770347918073336, "pder_complement_effective_scale": 0.05999999865889549, "pder_text_register_unit_valid_ratio": 1.0, "pder_text_register_consensus_norm": 16.047827402750652, "pder_text_register_complement_norm": 16.099545160929363, "pder_audio_register_unit_valid_ratio": 1.0, "pder_audio_register_consensus_norm": 16.057262420654297, "pder_audio_register_complement_norm": 16.057462056477863}}, "lr": 0.0002713525491562421}
{"epoch": 7, "train_loss": 0.6853094985579979, "train_acc": 0.5629569455727051, "valid": {"acc2_nonzero": 0.6296296296296297, "f1_positive": 0.7435897435897436, "f1_macro": 0.5384615384615384, "precision_positive": 0.6170212765957447, "recall_positive": 0.9354838709677419, "confusion_matrix": [[20, 72], [8, 116]], "n": 216, "positive_rate": 0.5740740740740741, "predicted_positive_rate": 0.8703703703703703, "mean_positive_probability": 0.5847668730550342, "diagnostics": {"pder_schedule_progress": 1.0, "pder_evidence_timing_code": 0.0, "pder_consensus_gate_mean": 0.1848715196053187, "pder_consensus_update_norm_ratio": 0.015995026255647343, "pder_consensus_effective_scale": 0.07999999821186066, "pder_complement_gate_mean": 0.1824220766623815, "pder_complement_update_norm_ratio": 0.01238457951694727, "pder_complement_effective_scale": 0.05999999865889549, "pder_text_register_unit_valid_ratio": 1.0, "pder_text_register_consensus_norm": 16.06545066833496, "pder_text_register_complement_norm": 16.092328389485676, "pder_audio_register_unit_valid_ratio": 1.0, "pder_audio_register_consensus_norm": 16.05504099527995, "pder_audio_register_complement_norm": 16.056694666544598}}, "lr": 0.00026147172382160914}
{"epoch": 8, "train_loss": 0.5786948059265639, "train_acc": 0.7116165718927701, "valid": {"acc2_nonzero": 0.7777777777777778, "f1_positive": 0.7913043478260869, "f1_macro": 0.7768402927249246, "precision_positive": 0.8584905660377359, "recall_positive": 0.7338709677419355, "confusion_matrix": [[77, 15], [33, 91]], "n": 216, "positive_rate": 0.5740740740740741, "predicted_positive_rate": 0.49074074074074076, "mean_positive_probability": 0.5464830077770684, "diagnostics": {"pder_schedule_progress": 1.0, "pder_evidence_timing_code": 0.0, "pder_consensus_gate_mean": 0.18297628064950308, "pder_consensus_update_norm_ratio": 0.010515833894411722, "pder_consensus_effective_scale": 0.07999999821186066, "pder_complement_gate_mean": 0.1816544532775879, "pder_complement_update_norm_ratio": 0.01267940333733956, "pder_complement_effective_scale": 0.05999999865889549, "pder_text_register_unit_valid_ratio": 1.0, "pder_text_register_consensus_norm": 16.068898518880207, "pder_text_register_complement_norm": 16.08803367614746, "pder_audio_register_unit_valid_ratio": 1.0, "pder_audio_register_consensus_norm": 16.05867067972819, "pder_audio_register_complement_norm": 16.055573145548504}}, "lr": 0.00025036959095382875}
{"epoch": 9, "train_loss": 0.48840392120091725, "train_acc": 0.7985377741673436, "valid": {"acc2_nonzero": 0.7129629629629629, "f1_positive": 0.6804123711340205, "f1_macro": 0.7099540847266741, "precision_positive": 0.9428571428571428, "recall_positive": 0.532258064516129, "confusion_matrix": [[88, 4], [58, 66]], "n": 216, "positive_rate": 0.5740740740740741, "predicted_positive_rate": 0.32407407407407407, "mean_positive_probability": 0.35577819944807776, "diagnostics": {"pder_schedule_progress": 1.0, "pder_evidence_timing_code": 0.0, "pder_consensus_gate_mean": 0.181056410074234, "pder_consensus_update_norm_ratio": 0.011572334915399551, "pder_consensus_effective_scale": 0.07999999821186066, "pder_complement_gate_mean": 0.18247720102469125, "pder_complement_update_norm_ratio": 0.013907283854981264, "pder_complement_effective_scale": 0.05999999865889549, "pder_text_register_unit_valid_ratio": 1.0, "pder_text_register_consensus_norm": 16.054875055948894, "pder_text_register_complement_norm": 16.088542302449543, "pder_audio_register_unit_valid_ratio": 1.0, "pder_audio_register_consensus_norm": 16.06555239359538, "pder_audio_register_complement_norm": 16.067413965861004}}, "lr": 0.000238167787843871}
{"epoch": 10, "train_loss": 0.4356747643430479, "train_acc": 0.8188464662875711, "valid": {"acc2_nonzero": 0.8148148148148148, "f1_positive": 0.8484848484848486, "f1_macro": 0.8051948051948052, "precision_positive": 0.8, "recall_positive": 0.9032258064516129, "confusion_matrix": [[64, 28], [12, 112]], "n": 216, "positive_rate": 0.5740740740740741, "predicted_positive_rate": 0.6481481481481481, "mean_positive_probability": 0.6442096403075589, "diagnostics": {"pder_schedule_progress": 1.0, "pder_evidence_timing_code": 0.0, "pder_consensus_gate_mean": 0.17964420219262442, "pder_consensus_update_norm_ratio": 0.01078549213707447, "pder_consensus_effective_scale": 0.07999999821186066, "pder_complement_gate_mean": 0.18315977354844412, "pder_complement_update_norm_ratio": 0.014750363615651926, "pder_complement_effective_scale": 0.05999999865889549, "pder_text_register_unit_valid_ratio": 1.0, "pder_text_register_consensus_norm": 16.048376083374023, "pder_text_register_complement_norm": 16.09332529703776, "pder_audio_register_unit_valid_ratio": 1.0, "pder_audio_register_consensus_norm": 16.06407928466797, "pder_audio_register_complement_norm": 16.068421681722004}}, "lr": 0.00022500000000000002}
{"epoch": 11, "train_loss": 0.3571741037209958, "train_acc": 0.8797725426482534, "valid": {"acc2_nonzero": 0.8472222222222222, "f1_positive": 0.8705882352941176, "f1_macro": 0.842073778664008, "precision_positive": 0.8473282442748091, "recall_positive": 0.8951612903225806, "confusion_matrix": [[72, 20], [13, 111]], "n": 216, "positive_rate": 0.5740740740740741, "predicted_positive_rate": 0.6064814814814815, "mean_positive_probability": 0.5955546267537607, "diagnostics": {"pder_schedule_progress": 1.0, "pder_evidence_timing_code": 0.0, "pder_consensus_gate_mean": 0.17931420107682547, "pder_consensus_update_norm_ratio": 0.010475607899328073, "pder_consensus_effective_scale": 0.07999999821186066, "pder_complement_gate_mean": 0.18187532822291055, "pder_complement_update_norm_ratio": 0.014071087663372358, "pder_complement_effective_scale": 0.05999999865889549, "pder_text_register_unit_valid_ratio": 1.0, "pder_text_register_consensus_norm": 16.04213269551595, "pder_text_register_complement_norm": 16.08943812052409, "pder_audio_register_unit_valid_ratio": 1.0, "pder_audio_register_consensus_norm": 16.065800348917644, "pder_audio_register_complement_norm": 16.061779022216797}}, "lr": 0.0002110104964613701}
{"epoch": 12, "train_loss": 0.29733433796563447, "train_acc": 0.9147034930950447, "valid": {"acc2_nonzero": 0.8379629629629629, "f1_positive": 0.8638132295719845, "f1_macro": 0.8319066147859923, "precision_positive": 0.8345864661654135, "recall_positive": 0.8951612903225806, "confusion_matrix": [[70, 22], [13, 111]], "n": 216, "positive_rate": 0.5740740740740741, "predicted_positive_rate": 0.6157407407407407, "mean_positive_probability": 0.5945759898448294, "diagnostics": {"pder_schedule_progress": 1.0, "pder_evidence_timing_code": 0.0, "pder_consensus_gate_mean": 0.17878046135107675, "pder_consensus_update_norm_ratio": 0.010561594118674597, "pder_consensus_effective_scale": 0.07999999821186066, "pder_complement_gate_mean": 0.18113486965497336, "pder_complement_update_norm_ratio": 0.01395888968060414, "pder_complement_effective_scale": 0.05999999865889549, "pder_text_register_unit_valid_ratio": 1.0, "pder_text_register_consensus_norm": 16.03842035929362, "pder_text_register_complement_norm": 16.08458964029948, "pder_audio_register_unit_valid_ratio": 1.0, "pder_audio_register_consensus_norm": 16.06231689453125, "pder_audio_register_complement_norm": 16.061078389485676}}, "lr": 0.00019635254915624216}
{"epoch": 13, "train_loss": 0.2631335129808547, "train_acc": 0.9366368805848904, "valid": {"acc2_nonzero": 0.7916666666666666, "f1_positive": 0.8327137546468402, "f1_macro": 0.7783200675074692, "precision_positive": 0.7724137931034483, "recall_positive": 0.9032258064516129, "confusion_matrix": [[59, 33], [12, 112]], "n": 216, "positive_rate": 0.5740740740740741, "predicted_positive_rate": 0.6712962962962963, "mean_positive_probability": 0.6536220093343958, "diagnostics": {"pder_schedule_progress": 1.0, "pder_evidence_timing_code": 0.0, "pder_consensus_gate_mean": 0.17922854920228323, "pder_consensus_update_norm_ratio": 0.011213093064725399, "pder_consensus_effective_scale": 0.07999999821186066, "pder_complement_gate_mean": 0.18090944985548654, "pder_complement_update_norm_ratio": 0.013922848117848238, "pder_complement_effective_scale": 0.05999999865889549, "pder_text_register_unit_valid_ratio": 1.0, "pder_text_register_consensus_norm": 16.035075505574543, "pder_text_register_complement_norm": 16.083838780721027, "pder_audio_register_unit_valid_ratio": 1.0, "pder_audio_register_consensus_norm": 16.06541379292806, "pder_audio_register_complement_norm": 16.060137430826824}}, "lr": 0.00018118675362266393}
{"epoch": 14, "train_loss": 0.2283903654274371, "train_acc": 0.9488220958570268, "valid": {"acc2_nonzero": 0.7916666666666666, "f1_positive": 0.8327137546468402, "f1_macro": 0.7783200675074692, "precision_positive": 0.7724137931034483, "recall_positive": 0.9032258064516129, "confusion_matrix": [[59, 33], [12, 112]], "n": 216, "positive_rate": 0.5740740740740741, "predicted_positive_rate": 0.6712962962962963, "mean_positive_probability": 0.6611814683354977, "diagnostics": {"pder_schedule_progress": 1.0, "pder_evidence_timing_code": 0.0, "pder_consensus_gate_mean": 0.17922118306159973, "pder_consensus_update_norm_ratio": 0.011358065841098627, "pder_consensus_effective_scale": 0.07999999821186066, "pder_complement_gate_mean": 0.1809942771991094, "pder_complement_update_norm_ratio": 0.014120525990923246, "pder_complement_effective_scale": 0.05999999865889549, "pder_text_register_unit_valid_ratio": 1.0, "pder_text_register_consensus_norm": 16.032156626383465, "pder_text_register_complement_norm": 16.084288279215496, "pder_audio_register_unit_valid_ratio": 1.0, "pder_audio_register_consensus_norm": 16.064351399739582, "pder_audio_register_complement_norm": 16.05877113342285}}, "lr": 0.0001656792694901481}
{"epoch": 15, "train_loss": 0.22061073951949733, "train_acc": 0.9536961819658814, "valid": {"acc2_nonzero": 0.8287037037037037, "f1_positive": 0.8537549407114624, "f1_macro": 0.8235255150484686, "precision_positive": 0.8372093023255814, "recall_positive": 0.8709677419354839, "confusion_matrix": [[71, 21], [16, 108]], "n": 216, "positive_rate": 0.5740740740740741, "predicted_positive_rate": 0.5972222222222222, "mean_positive_probability": 0.574810292317394, "diagnostics": {"pder_schedule_progress": 1.0, "pder_evidence_timing_code": 0.0, "pder_consensus_gate_mean": 0.1795620322227478, "pder_consensus_update_norm_ratio": 0.011597418847183386, "pder_consensus_effective_scale": 0.07999999821186066, "pder_complement_gate_mean": 0.18073822557926178, "pder_complement_update_norm_ratio": 0.013955251003305117, "pder_complement_effective_scale": 0.05999999865889549, "pder_text_register_unit_valid_ratio": 1.0, "pder_text_register_consensus_norm": 16.031095504760742, "pder_text_register_complement_norm": 16.082603454589844, "pder_audio_register_unit_valid_ratio": 1.0, "pder_audio_register_consensus_norm": 16.068252563476562, "pder_audio_register_complement_norm": 16.05523618062337}}, "lr": 0.0001500000000000001}
{"epoch": 16, "train_loss": 0.2008515737533182, "train_acc": 0.9683184402924452, "valid": {"acc2_nonzero": 0.8148148148148148, "f1_positive": 0.84, "f1_macro": 0.8101098901098901, "precision_positive": 0.8333333333333334, "recall_positive": 0.8467741935483871, "confusion_matrix": [[71, 21], [19, 105]], "n": 216, "positive_rate": 0.5740740740740741, "predicted_positive_rate": 0.5833333333333334, "mean_positive_probability": 0.5772813206702402, "diagnostics": {"pder_schedule_progress": 1.0, "pder_evidence_timing_code": 0.0, "pder_consensus_gate_mean": 0.17961008846759796, "pder_consensus_update_norm_ratio": 0.011988182241717974, "pder_consensus_effective_scale": 0.07999999821186066, "pder_complement_gate_mean": 0.18086649974187216, "pder_complement_update_norm_ratio": 0.0143855269998312, "pder_complement_effective_scale": 0.05999999865889549, "pder_text_register_unit_valid_ratio": 1.0, "pder_text_register_consensus_norm": 16.030099868774414, "pder_text_register_complement_norm": 16.083964029947918, "pder_audio_register_unit_valid_ratio": 1.0, "pder_audio_register_consensus_norm": 16.069203694661457, "pder_audio_register_complement_norm": 16.054609934488933}}, "lr": 0.00013432073050985205}
{"epoch": 17, "train_loss": 0.17806898910857913, "train_acc": 0.9756295694557271, "valid": {"acc2_nonzero": 0.7962962962962963, "f1_positive": 0.8294573643410853, "f1_macro": 0.7882919005613473, "precision_positive": 0.7985074626865671, "recall_positive": 0.8629032258064516, "confusion_matrix": [[65, 27], [17, 107]], "n": 216, "positive_rate": 0.5740740740740741, "predicted_positive_rate": 0.6203703703703703, "mean_positive_probability": 0.6228898320329824, "diagnostics": {"pder_schedule_progress": 1.0, "pder_evidence_timing_code": 0.0, "pder_consensus_gate_mean": 0.17979022860527039, "pder_consensus_update_norm_ratio": 0.012237780106564363, "pder_consensus_effective_scale": 0.07999999821186066, "pder_complement_gate_mean": 0.18121537069479624, "pder_complement_update_norm_ratio": 0.01474487284819285, "pder_complement_effective_scale": 0.05999999865889549, "pder_text_register_unit_valid_ratio": 1.0, "pder_text_register_consensus_norm": 16.029876708984375, "pder_text_register_complement_norm": 16.08660316467285, "pder_audio_register_unit_valid_ratio": 1.0, "pder_audio_register_consensus_norm": 16.070053100585938, "pder_audio_register_complement_norm": 16.055023829142254}}, "lr": 0.00011881324637733612}
{"epoch": 18, "train_loss": 0.17214614835626027, "train_acc": 0.9805036555645816, "valid": {"acc2_nonzero": 0.8101851851851852, "f1_positive": 0.8416988416988417, "f1_macro": 0.8023523110228312, "precision_positive": 0.8074074074074075, "recall_positive": 0.8790322580645161, "confusion_matrix": [[66, 26], [15, 109]], "n": 216, "positive_rate": 0.5740740740740741, "predicted_positive_rate": 0.625, "mean_positive_probability": 0.6139674993421607, "diagnostics": {"pder_schedule_progress": 1.0, "pder_evidence_timing_code": 0.0, "pder_consensus_gate_mean": 0.1798102855682373, "pder_consensus_update_norm_ratio": 0.012310315544406572, "pder_consensus_effective_scale": 0.07999999821186066, "pder_complement_gate_mean": 0.1815191557010015, "pder_complement_update_norm_ratio": 0.01502101682126522, "pder_complement_effective_scale": 0.05999999865889549, "pder_text_register_unit_valid_ratio": 1.0, "pder_text_register_consensus_norm": 16.029369990030926, "pder_text_register_complement_norm": 16.088284174601238, "pder_audio_register_unit_valid_ratio": 1.0, "pder_audio_register_consensus_norm": 16.070274353027344, "pder_audio_register_complement_norm": 16.056339263916016}}, "lr": 0.00010364745084375793}
{"epoch": 19, "train_loss": 0.17126591791717333, "train_acc": 0.9796913078797725, "valid": {"acc2_nonzero": 0.8194444444444444, "f1_positive": 0.8470588235294118, "f1_macro": 0.8133599202392822, "precision_positive": 0.8244274809160306, "recall_positive": 0.8709677419354839, "confusion_matrix": [[69, 23], [16, 108]], "n": 216, "positive_rate": 0.5740740740740741, "predicted_positive_rate": 0.6064814814814815, "mean_positive_probability": 0.5962025857254587, "diagnostics": {"pder_schedule_progress": 1.0, "pder_evidence_timing_code": 0.0, "pder_consensus_gate_mean": 0.17973963916301727, "pder_consensus_update_norm_ratio": 0.012396225705742836, "pder_consensus_effective_scale": 0.07999999821186066, "pder_complement_gate_mean": 0.18169789016246796, "pder_complement_update_norm_ratio": 0.015121415567894777, "pder_complement_effective_scale": 0.05999999865889549, "pder_text_register_unit_valid_ratio": 1.0, "pder_text_register_consensus_norm": 16.028729756673176, "pder_text_register_complement_norm": 16.087870279947918, "pder_audio_register_unit_valid_ratio": 1.0, "pder_audio_register_consensus_norm": 16.069590250651043, "pder_audio_register_complement_norm": 16.058264414469402}}, "lr": 8.898950353863002e-05}
{
  "dataset": "mosi",
  "variant": "full",
  "seed": 1703,
  "protocol": "official split, nonzero sentiment binary classification",
  "modalities": "frozen BERT text plus train-normalized concatenated audio-vision evidence",
  "best_epoch": 11,
  "elapsed_seconds": 110.57095217704773,
  "split_sizes": {
    "train": 1231,
    "valid": 216,
    "test": 656
  },
  "class_counts_train": [
    552,
    679
  ],
  "valid": {
    "acc2_nonzero": 0.8472222222222222,
    "f1_positive": 0.8705882352941176,
    "f1_macro": 0.842073778664008,
    "precision_positive": 0.8473282442748091,
    "recall_positive": 0.8951612903225806,
    "confusion_matrix": [
      [
        72,
        20
      ],
      [
        13,
        111
      ]
    ],
    "n": 216,
    "positive_rate": 0.5740740740740741,
    "predicted_positive_rate": 0.6064814814814815,
    "mean_positive_probability": 0.5955546267537607,
    "diagnostics": {
      "pder_schedule_progress": 1.0,
      "pder_evidence_timing_code": 0.0,
      "pder_consensus_gate_mean": 0.17931420107682547,
      "pder_consensus_update_norm_ratio": 0.010475607899328073,
      "pder_consensus_effective_scale": 0.07999999821186066,
      "pder_complement_gate_mean": 0.18187532822291055,
      "pder_complement_update_norm_ratio": 0.014071087663372358,
      "pder_complement_effective_scale": 0.05999999865889549,
      "pder_text_register_unit_valid_ratio": 1.0,
      "pder_text_register_consensus_norm": 16.04213269551595,
      "pder_text_register_complement_norm": 16.08943812052409,
      "pder_audio_register_unit_valid_ratio": 1.0,
      "pder_audio_register_consensus_norm": 16.065800348917644,
      "pder_audio_register_complement_norm": 16.061779022216797
    }
  },
  "test": {
    "acc2_nonzero": 0.8003048780487805,
    "f1_positive": 0.7798319327731092,
    "f1_macro": 0.7985631072512687,
    "precision_positive": 0.7295597484276729,
    "recall_positive": 0.8375451263537906,
    "confusion_matrix": [
      [
        293,
        86
      ],
      [
        45,
        232
      ]
    ],
    "n": 656,
    "positive_rate": 0.4222560975609756,
    "predicted_positive_rate": 0.4847560975609756,
    "mean_positive_probability": 0.47149970480695186,
    "diagnostics": {
      "pder_schedule_progress": 1.0,
      "pder_evidence_timing_code": 0.0,
      "pder_consensus_gate_mean": 0.17929315779890334,
      "pder_consensus_update_norm_ratio": 0.010442784455205713,
      "pder_consensus_effective_scale": 0.07999999821186066,
      "pder_complement_gate_mean": 0.1818761101790837,
      "pder_complement_update_norm_ratio": 0.014058031008711882,
      "pder_complement_effective_scale": 0.05999999865889549,
      "pder_text_register_unit_valid_ratio": 1.0,
      "pder_text_register_consensus_norm": 16.042273385184153,
      "pder_text_register_complement_norm": 16.089695521763392,
      "pder_audio_register_unit_valid_ratio": 1.0,
      "pder_audio_register_consensus_norm": 16.065838950020925,
      "pder_audio_register_complement_norm": 16.061957223074778
    }
  },
  "args": {
    "dataset": "mosi",
    "data": "/media/disk3/muxy/Dataset/Method/Method/aligned_mosi_ramp_bert.pkl",
    "base_config": "configs/eatd_pder_full.json",
    "variant": "full",
    "seed": 1703,
    "output_dir": "/media/disk3/muxy/QA/experiments/pder_mosi_mosei_generalization_20260829/mosi/full/seed_1703",
    "device": "cuda:0",
    "epochs": 30,
    "min_epochs": 12,
    "patience": 8,
    "batch_size": 96,
    "lr": 0.0003,
    "weight_decay": 0.02,
    "max_length": 50,
    "num_workers": 0,
    "smoke": false
  }
}
