{"epoch": 1, "train_loss": 0.7018282936415374, "train_acc": 0.48578391551584077, "valid": {"acc2_nonzero": 0.42592592592592593, "f1_positive": 0.0, "f1_macro": 0.2987012987012987, "precision_positive": 0.0, "recall_positive": 0.0, "confusion_matrix": [[92, 0], [124, 0]], "n": 216, "positive_rate": 0.5740740740740741, "predicted_positive_rate": 0.0, "mean_positive_probability": 0.49560188088152146, "diagnostics": {"pder_schedule_progress": 0.0, "pder_evidence_timing_code": 0.0, "pder_consensus_gate_mean": 0.1824431171019872, "pder_consensus_update_norm_ratio": 0.0, "pder_consensus_effective_scale": 0.0, "pder_complement_gate_mean": 0.1824431171019872, "pder_complement_update_norm_ratio": 0.0, "pder_complement_effective_scale": 0.0, "pder_text_register_unit_valid_ratio": 1.0, "pder_text_register_consensus_norm": 15.998672485351562, "pder_text_register_complement_norm": 15.99867057800293, "pder_audio_register_unit_valid_ratio": 1.0, "pder_audio_register_consensus_norm": 15.998669942220053, "pder_audio_register_complement_norm": 15.998668988545736}}, "lr": 0.0002948888739433602}
{"epoch": 2, "train_loss": 0.6956038567034042, "train_acc": 0.5085296506904955, "valid": {"acc2_nonzero": 0.4722222222222222, "f1_positive": 0.22972972972972971, "f1_macro": 0.4141606395127521, "precision_positive": 0.7083333333333334, "recall_positive": 0.13709677419354838, "confusion_matrix": [[85, 7], [107, 17]], "n": 216, "positive_rate": 0.5740740740740741, "predicted_positive_rate": 0.1111111111111111, "mean_positive_probability": 0.4997918305021745, "diagnostics": {"pder_schedule_progress": 0.3333333432674408, "pder_evidence_timing_code": 0.0, "pder_consensus_gate_mean": 0.1817618509133657, "pder_consensus_update_norm_ratio": 0.002324317659561833, "pder_consensus_effective_scale": 0.02666666731238365, "pder_complement_gate_mean": 0.1826384961605072, "pder_complement_update_norm_ratio": 0.0020864670320103564, "pder_complement_effective_scale": 0.019999999552965164, "pder_text_register_unit_valid_ratio": 1.0, "pder_text_register_consensus_norm": 16.009251912434895, "pder_text_register_complement_norm": 16.015628814697266, "pder_audio_register_unit_valid_ratio": 1.0, "pder_audio_register_consensus_norm": 16.01146062215169, "pder_audio_register_complement_norm": 16.015432357788086}}, "lr": 0.0002799038105676658}
{"epoch": 3, "train_loss": 0.701399848772974, "train_acc": 0.48659626320064986, "valid": {"acc2_nonzero": 0.5925925925925926, "f1_positive": 0.5643564356435644, "f1_macro": 0.5908738699956952, "precision_positive": 0.7307692307692307, "recall_positive": 0.4596774193548387, "confusion_matrix": [[71, 21], [67, 57]], "n": 216, "positive_rate": 0.5740740740740741, "predicted_positive_rate": 0.3611111111111111, "mean_positive_probability": 0.4999356831389445, "diagnostics": {"pder_schedule_progress": 0.6666666865348816, "pder_evidence_timing_code": 0.0, "pder_consensus_gate_mean": 0.18181795875231424, "pder_consensus_update_norm_ratio": 0.006452394804606835, "pder_consensus_effective_scale": 0.0533333346247673, "pder_complement_gate_mean": 0.18242870767911276, "pder_complement_update_norm_ratio": 0.005370531852046649, "pder_complement_effective_scale": 0.03999999910593033, "pder_text_register_unit_valid_ratio": 1.0, "pder_text_register_consensus_norm": 16.02102216084798, "pder_text_register_complement_norm": 16.031213760375977, "pder_audio_register_unit_valid_ratio": 1.0, "pder_audio_register_consensus_norm": 16.027504603068035, "pder_audio_register_complement_norm": 16.025171915690105}}, "lr": 0.00025606601717798207}
{"epoch": 4, "train_loss": 0.6998360632978543, "train_acc": 0.49147034930950445, "valid": {"acc2_nonzero": 0.42592592592592593, "f1_positive": 0.0, "f1_macro": 0.2987012987012987, "precision_positive": 0.0, "recall_positive": 0.0, "confusion_matrix": [[92, 0], [124, 0]], "n": 216, "positive_rate": 0.5740740740740741, "predicted_positive_rate": 0.0, "mean_positive_probability": 0.49881569806624343, "diagnostics": {"pder_schedule_progress": 1.0, "pder_evidence_timing_code": 0.0, "pder_consensus_gate_mean": 0.1816973239183426, "pder_consensus_update_norm_ratio": 0.011998617090284824, "pder_consensus_effective_scale": 0.07999999821186066, "pder_complement_gate_mean": 0.18496029575665793, "pder_complement_update_norm_ratio": 0.010129452062149843, "pder_complement_effective_scale": 0.05999999865889549, "pder_text_register_unit_valid_ratio": 1.0, "pder_text_register_consensus_norm": 16.031558990478516, "pder_text_register_complement_norm": 16.06036631266276, "pder_audio_register_unit_valid_ratio": 1.0, "pder_audio_register_consensus_norm": 16.039499282836914, "pder_audio_register_complement_norm": 16.035956064860027}}, "lr": 0.00022499999999999997}
{"epoch": 5, "train_loss": 0.6948464712314156, "train_acc": 0.511779041429732, "valid": {"acc2_nonzero": 0.625, "f1_positive": 0.7476635514018691, "f1_macro": 0.5089669108360697, "precision_positive": 0.6091370558375635, "recall_positive": 0.967741935483871, "confusion_matrix": [[15, 77], [4, 120]], "n": 216, "positive_rate": 0.5740740740740741, "predicted_positive_rate": 0.9120370370370371, "mean_positive_probability": 0.5005485425116839, "diagnostics": {"pder_schedule_progress": 1.0, "pder_evidence_timing_code": 0.0, "pder_consensus_gate_mean": 0.18205208082993826, "pder_consensus_update_norm_ratio": 0.013408077570299307, "pder_consensus_effective_scale": 0.07999999821186066, "pder_complement_gate_mean": 0.18636879324913025, "pder_complement_update_norm_ratio": 0.011353233518699804, "pder_complement_effective_scale": 0.05999999865889549, "pder_text_register_unit_valid_ratio": 1.0, "pder_text_register_consensus_norm": 16.04670588175456, "pder_text_register_complement_norm": 16.071889877319336, "pder_audio_register_unit_valid_ratio": 1.0, "pder_audio_register_consensus_norm": 16.0478458404541, "pder_audio_register_complement_norm": 16.041210174560547}}, "lr": 0.0001888228567653781}
{"epoch": 6, "train_loss": 0.6916147883494244, "train_acc": 0.5280259951259139, "valid": {"acc2_nonzero": 0.625, "f1_positive": 0.7476635514018691, "f1_macro": 0.5089669108360697, "precision_positive": 0.6091370558375635, "recall_positive": 0.967741935483871, "confusion_matrix": [[15, 77], [4, 120]], "n": 216, "positive_rate": 0.5740740740740741, "predicted_positive_rate": 0.9120370370370371, "mean_positive_probability": 0.5011003875622043, "diagnostics": {"pder_schedule_progress": 1.0, "pder_evidence_timing_code": 0.0, "pder_consensus_gate_mean": 0.1834551195303599, "pder_consensus_update_norm_ratio": 0.013571966749926409, "pder_consensus_effective_scale": 0.07999999821186066, "pder_complement_gate_mean": 0.1869183381398519, "pder_complement_update_norm_ratio": 0.012301978965600332, "pder_complement_effective_scale": 0.05999999865889549, "pder_text_register_unit_valid_ratio": 1.0, "pder_text_register_consensus_norm": 16.059821446736652, "pder_text_register_complement_norm": 16.07315508524577, "pder_audio_register_unit_valid_ratio": 1.0, "pder_audio_register_consensus_norm": 16.0536626180013, "pder_audio_register_complement_norm": 16.047556559244793}}, "lr": 0.00015}
{"epoch": 7, "train_loss": 0.6958485731354194, "train_acc": 0.4882209585702681, "valid": {"acc2_nonzero": 0.5740740740740741, "f1_positive": 0.7294117647058824, "f1_macro": 0.3647058823529412, "precision_positive": 0.5740740740740741, "recall_positive": 1.0, "confusion_matrix": [[0, 92], [0, 124]], "n": 216, "positive_rate": 0.5740740740740741, "predicted_positive_rate": 1.0, "mean_positive_probability": 0.5046474392767306, "diagnostics": {"pder_schedule_progress": 1.0, "pder_evidence_timing_code": 0.0, "pder_consensus_gate_mean": 0.1839402119318644, "pder_consensus_update_norm_ratio": 0.014965139950315157, "pder_consensus_effective_scale": 0.07999999821186066, "pder_complement_gate_mean": 0.185341015458107, "pder_complement_update_norm_ratio": 0.011607852764427662, "pder_complement_effective_scale": 0.05999999865889549, "pder_text_register_unit_valid_ratio": 1.0, "pder_text_register_consensus_norm": 16.074403762817383, "pder_text_register_complement_norm": 16.076095581054688, "pder_audio_register_unit_valid_ratio": 1.0, "pder_audio_register_consensus_norm": 16.051451365152996, "pder_audio_register_complement_norm": 16.040489832560223}}, "lr": 0.0001111771432346219}
{
  "dataset": "mosi",
  "variant": "full",
  "seed": 1702,
  "protocol": "official split, nonzero sentiment binary classification",
  "modalities": "frozen BERT text plus train-normalized concatenated audio-vision evidence",
  "best_epoch": 3,
  "elapsed_seconds": 17.70939612388611,
  "split_sizes": {
    "train": 1231,
    "valid": 216,
    "test": 656
  },
  "class_counts_train": [
    552,
    679
  ],
  "valid": {
    "acc2_nonzero": 0.5925925925925926,
    "f1_positive": 0.5643564356435644,
    "f1_macro": 0.5908738699956952,
    "precision_positive": 0.7307692307692307,
    "recall_positive": 0.4596774193548387,
    "confusion_matrix": [
      [
        71,
        21
      ],
      [
        67,
        57
      ]
    ],
    "n": 216,
    "positive_rate": 0.5740740740740741,
    "predicted_positive_rate": 0.3611111111111111,
    "mean_positive_probability": 0.4999356831389445,
    "diagnostics": {
      "pder_schedule_progress": 0.6666666865348816,
      "pder_evidence_timing_code": 0.0,
      "pder_consensus_gate_mean": 0.18181795875231424,
      "pder_consensus_update_norm_ratio": 0.006452394804606835,
      "pder_consensus_effective_scale": 0.0533333346247673,
      "pder_complement_gate_mean": 0.18242870767911276,
      "pder_complement_update_norm_ratio": 0.005370531852046649,
      "pder_complement_effective_scale": 0.03999999910593033,
      "pder_text_register_unit_valid_ratio": 1.0,
      "pder_text_register_consensus_norm": 16.02102216084798,
      "pder_text_register_complement_norm": 16.031213760375977,
      "pder_audio_register_unit_valid_ratio": 1.0,
      "pder_audio_register_consensus_norm": 16.027504603068035,
      "pder_audio_register_complement_norm": 16.025171915690105
    }
  },
  "test": {
    "acc2_nonzero": 0.6448170731707317,
    "f1_positive": 0.4716553287981859,
    "f1_macro": 0.6020733590029965,
    "precision_positive": 0.6341463414634146,
    "recall_positive": 0.37545126353790614,
    "confusion_matrix": [
      [
        319,
        60
      ],
      [
        173,
        104
      ]
    ],
    "n": 656,
    "positive_rate": 0.4222560975609756,
    "predicted_positive_rate": 0.25,
    "mean_positive_probability": 0.49987833574414253,
    "diagnostics": {
      "pder_schedule_progress": 0.6666666865348816,
      "pder_evidence_timing_code": 0.0,
      "pder_consensus_gate_mean": 0.18181372327463968,
      "pder_consensus_update_norm_ratio": 0.00642787671781012,
      "pder_consensus_effective_scale": 0.0533333346247673,
      "pder_complement_gate_mean": 0.1824286984545844,
      "pder_complement_update_norm_ratio": 0.005398626106658152,
      "pder_complement_effective_scale": 0.03999999910593033,
      "pder_text_register_unit_valid_ratio": 1.0,
      "pder_text_register_consensus_norm": 16.02104241507394,
      "pder_text_register_complement_norm": 16.03116226196289,
      "pder_audio_register_unit_valid_ratio": 1.0,
      "pder_audio_register_consensus_norm": 16.027536392211914,
      "pder_audio_register_complement_norm": 16.0254271371024
    }
  },
  "args": {
    "dataset": "mosi",
    "data": "/media/disk3/muxy/Dataset/Method/Method/aligned_mosi_ramp_bert.pkl",
    "base_config": "configs/eatd_pder_full.json",
    "variant": "full",
    "seed": 1702,
    "output_dir": "/media/disk3/muxy/QA/experiments/pder_mosi_mosei_generalization_20260829/mosi/full/seed_1702",
    "device": "cuda:0",
    "epochs": 12,
    "patience": 4,
    "batch_size": 96,
    "lr": 0.0003,
    "weight_decay": 0.02,
    "max_length": 50,
    "num_workers": 0,
    "smoke": false
  }
}
