{"epoch": 1, "train_loss": 0.6994256849312182, "train_acc": 0.512591389114541, "valid": {"acc2_nonzero": 0.42592592592592593, "f1_positive": 0.0, "f1_macro": 0.2987012987012987, "precision_positive": 0.0, "recall_positive": 0.0, "confusion_matrix": [[92, 0], [124, 0]], "n": 216, "positive_rate": 0.5740740740740741, "predicted_positive_rate": 0.0, "mean_positive_probability": 0.48158831894397736, "diagnostics": {"pder_schedule_progress": 0.0, "pder_evidence_timing_code": 0.0, "pder_consensus_gate_mean": 0.1824431171019872, "pder_consensus_update_norm_ratio": 0.0, "pder_consensus_effective_scale": 0.0, "pder_complement_gate_mean": 0.1824431171019872, "pder_complement_update_norm_ratio": 0.0, "pder_complement_effective_scale": 0.0, "pder_text_register_unit_valid_ratio": 1.0, "pder_text_register_consensus_norm": 15.99866771697998, "pder_text_register_complement_norm": 15.99867057800293, "pder_audio_register_unit_valid_ratio": 1.0, "pder_audio_register_consensus_norm": 15.998668670654297, "pder_audio_register_complement_norm": 15.998669624328613}}, "lr": 0.0002948888739433602}
{"epoch": 2, "train_loss": 0.6975867426753722, "train_acc": 0.4833468724614135, "valid": {"acc2_nonzero": 0.42592592592592593, "f1_positive": 0.0, "f1_macro": 0.2987012987012987, "precision_positive": 0.0, "recall_positive": 0.0, "confusion_matrix": [[92, 0], [124, 0]], "n": 216, "positive_rate": 0.5740740740740741, "predicted_positive_rate": 0.0, "mean_positive_probability": 0.4927334337046853, "diagnostics": {"pder_schedule_progress": 0.3333333432674408, "pder_evidence_timing_code": 0.0, "pder_consensus_gate_mean": 0.18246020873387656, "pder_consensus_update_norm_ratio": 0.0, "pder_consensus_effective_scale": 0.0, "pder_complement_gate_mean": 0.18246020873387656, "pder_complement_update_norm_ratio": 0.0, "pder_complement_effective_scale": 0.0, "pder_text_register_unit_valid_ratio": 1.0, "pder_text_register_consensus_norm": 15.99743938446045, "pder_text_register_complement_norm": 15.997442245483398, "pder_audio_register_unit_valid_ratio": 1.0, "pder_audio_register_consensus_norm": 15.997442245483398, "pder_audio_register_complement_norm": 15.997441609700521}}, "lr": 0.0002799038105676658}
{"epoch": 3, "train_loss": 0.6946284865868179, "train_acc": 0.5028432168968319, "valid": {"acc2_nonzero": 0.42592592592592593, "f1_positive": 0.0, "f1_macro": 0.2987012987012987, "precision_positive": 0.0, "recall_positive": 0.0, "confusion_matrix": [[92, 0], [124, 0]], "n": 216, "positive_rate": 0.5740740740740741, "predicted_positive_rate": 0.0, "mean_positive_probability": 0.4957350193074456, "diagnostics": {"pder_schedule_progress": 0.6666666865348816, "pder_evidence_timing_code": 0.0, "pder_consensus_gate_mean": 0.1824763814608256, "pder_consensus_update_norm_ratio": 0.0, "pder_consensus_effective_scale": 0.0, "pder_complement_gate_mean": 0.1824763814608256, "pder_complement_update_norm_ratio": 0.0, "pder_complement_effective_scale": 0.0, "pder_text_register_unit_valid_ratio": 1.0, "pder_text_register_consensus_norm": 15.996274948120117, "pder_text_register_complement_norm": 15.99627685546875, "pder_audio_register_unit_valid_ratio": 1.0, "pder_audio_register_consensus_norm": 15.99627685546875, "pder_audio_register_complement_norm": 15.996276219685873}}, "lr": 0.00025606601717798207}
{"epoch": 4, "train_loss": 0.6984978948638848, "train_acc": 0.4841592201462226, "valid": {"acc2_nonzero": 0.42592592592592593, "f1_positive": 0.0, "f1_macro": 0.2987012987012987, "precision_positive": 0.0, "recall_positive": 0.0, "confusion_matrix": [[92, 0], [124, 0]], "n": 216, "positive_rate": 0.5740740740740741, "predicted_positive_rate": 0.0, "mean_positive_probability": 0.49748435078395736, "diagnostics": {"pder_schedule_progress": 1.0, "pder_evidence_timing_code": 0.0, "pder_consensus_gate_mean": 0.1824911634127299, "pder_consensus_update_norm_ratio": 0.0, "pder_consensus_effective_scale": 0.0, "pder_complement_gate_mean": 0.1824911634127299, "pder_complement_update_norm_ratio": 0.0, "pder_complement_effective_scale": 0.0, "pder_text_register_unit_valid_ratio": 1.0, "pder_text_register_consensus_norm": 15.995206832885742, "pder_text_register_complement_norm": 15.995211601257324, "pder_audio_register_unit_valid_ratio": 1.0, "pder_audio_register_consensus_norm": 15.995209693908691, "pder_audio_register_complement_norm": 15.995210329691568}}, "lr": 0.00022499999999999997}
{"epoch": 5, "train_loss": 0.7012085262398522, "train_acc": 0.49147034930950445, "valid": {"acc2_nonzero": 0.42592592592592593, "f1_positive": 0.0, "f1_macro": 0.2987012987012987, "precision_positive": 0.0, "recall_positive": 0.0, "confusion_matrix": [[92, 0], [124, 0]], "n": 216, "positive_rate": 0.5740740740740741, "predicted_positive_rate": 0.0, "mean_positive_probability": 0.49635759175375654, "diagnostics": {"pder_schedule_progress": 1.0, "pder_evidence_timing_code": 0.0, "pder_consensus_gate_mean": 0.1825041522582372, "pder_consensus_update_norm_ratio": 0.0, "pder_consensus_effective_scale": 0.0, "pder_complement_gate_mean": 0.1825041522582372, "pder_complement_update_norm_ratio": 0.0, "pder_complement_effective_scale": 0.0, "pder_text_register_unit_valid_ratio": 1.0, "pder_text_register_consensus_norm": 15.994277954101562, "pder_text_register_complement_norm": 15.994280815124512, "pder_audio_register_unit_valid_ratio": 1.0, "pder_audio_register_consensus_norm": 15.994280815124512, "pder_audio_register_complement_norm": 15.994279861450195}}, "lr": 0.0001888228567653781}
{
  "dataset": "mosi",
  "variant": "g_only",
  "seed": 1703,
  "protocol": "official split, nonzero sentiment binary classification",
  "modalities": "frozen BERT text plus train-normalized concatenated audio-vision evidence",
  "best_epoch": 1,
  "elapsed_seconds": 12.566850662231445,
  "split_sizes": {
    "train": 1231,
    "valid": 216,
    "test": 656
  },
  "class_counts_train": [
    552,
    679
  ],
  "valid": {
    "acc2_nonzero": 0.42592592592592593,
    "f1_positive": 0.0,
    "f1_macro": 0.2987012987012987,
    "precision_positive": 0.0,
    "recall_positive": 0.0,
    "confusion_matrix": [
      [
        92,
        0
      ],
      [
        124,
        0
      ]
    ],
    "n": 216,
    "positive_rate": 0.5740740740740741,
    "predicted_positive_rate": 0.0,
    "mean_positive_probability": 0.48158831894397736,
    "diagnostics": {
      "pder_schedule_progress": 0.0,
      "pder_evidence_timing_code": 0.0,
      "pder_consensus_gate_mean": 0.1824431171019872,
      "pder_consensus_update_norm_ratio": 0.0,
      "pder_consensus_effective_scale": 0.0,
      "pder_complement_gate_mean": 0.1824431171019872,
      "pder_complement_update_norm_ratio": 0.0,
      "pder_complement_effective_scale": 0.0,
      "pder_text_register_unit_valid_ratio": 1.0,
      "pder_text_register_consensus_norm": 15.99866771697998,
      "pder_text_register_complement_norm": 15.99867057800293,
      "pder_audio_register_unit_valid_ratio": 1.0,
      "pder_audio_register_consensus_norm": 15.998668670654297,
      "pder_audio_register_complement_norm": 15.998669624328613
    }
  },
  "test": {
    "acc2_nonzero": 0.5777439024390244,
    "f1_positive": 0.0,
    "f1_macro": 0.3661835748792271,
    "precision_positive": 0.0,
    "recall_positive": 0.0,
    "confusion_matrix": [
      [
        379,
        0
      ],
      [
        277,
        0
      ]
    ],
    "n": 656,
    "positive_rate": 0.4222560975609756,
    "predicted_positive_rate": 0.0,
    "mean_positive_probability": 0.4813259285306785,
    "diagnostics": {
      "pder_schedule_progress": 0.0,
      "pder_evidence_timing_code": 0.0,
      "pder_consensus_gate_mean": 0.18244311000619615,
      "pder_consensus_update_norm_ratio": 0.0,
      "pder_consensus_effective_scale": 0.0,
      "pder_complement_gate_mean": 0.18244311000619615,
      "pder_complement_update_norm_ratio": 0.0,
      "pder_complement_effective_scale": 0.0,
      "pder_text_register_unit_valid_ratio": 1.0,
      "pder_text_register_consensus_norm": 15.998667580740792,
      "pder_text_register_complement_norm": 15.99867044176374,
      "pder_audio_register_unit_valid_ratio": 1.0,
      "pder_audio_register_consensus_norm": 15.998669760567802,
      "pder_audio_register_complement_norm": 15.998668943132673
    }
  },
  "args": {
    "dataset": "mosi",
    "data": "/media/disk3/muxy/Dataset/Method/Method/aligned_mosi_ramp_bert.pkl",
    "base_config": "configs/eatd_pder_full.json",
    "variant": "g_only",
    "seed": 1703,
    "output_dir": "/media/disk3/muxy/QA/experiments/pder_mosi_mosei_generalization_20260829/mosi/g_only/seed_1703",
    "device": "cuda:0",
    "epochs": 12,
    "patience": 4,
    "batch_size": 96,
    "lr": 0.0003,
    "weight_decay": 0.02,
    "max_length": 50,
    "num_workers": 0,
    "smoke": false
  }
}
